

≡ƒº¬ ================================================
≡ƒº¬ EVOLUTION ENGINE QA TEST SUITE
≡ƒº¬ ================================================


≡ƒôï ========================================
≡ƒôï TEST GROUP 1: PERSONA DETECTION
≡ƒôï ========================================
Γ£à [PASS] Persona Detection: >18/21 = TITAN
Γ£à [PASS] Persona Detection: 12-18/21 = GRINDER
Γ£à [PASS] Persona Detection: 6-12/21 = SURVIVOR
Γ£à [PASS] Persona Detection: <6/21 = GHOST
Γ£à [PASS] isGhostRecovery === true for GHOST
Γ£à [PASS] isGhostRecovery === false for non-GHOST


≡ƒôï ========================================
≡ƒôï TEST GROUP 2: EVOLUTION OPTION EFFECTS
≡ƒôï ========================================
≡ƒöì Testing option: INCREASE_DIFFICULTY
Γ£à [PASS] INCREASE_DIFFICULTY: difficultyLevel = harder
≡ƒöì Testing option: SOFTER_HABIT
Γ£à [PASS] SOFTER_HABIT: difficultyLevel = easier
≡ƒöì Testing option: FRICTION_REMOVAL
Γ£à [PASS] FRICTION_REMOVAL: difficultyLevel = minimal
≡ƒöì Testing option: FRESH_START
Γ£à [PASS] FRESH_START: difficultyLevel = minimal
Γ£à [PASS] FRESH_START: isFreshStart = true
Γ£à [PASS] FRESH_START: newStage = INITIATION
≡ƒöì Testing habit difficulty adjustments...
≡ƒöº [EVOLUTION] Adjusting habits by 1
≡ƒöº [EVOLUTION] Habits increased: {
  high: [ 'Run 15 minutes', 'Write 500 words', 'Read 20 pages' ],
  medium: [ 'Write 200 words', 'Read 10 pages', 'Put on shoes' ],
  low: [ 'Open notes app', 'Pick up book' ]
}
Γ£à [PASS] +1 adjustment: HIGH habits get intensified
Γ£à [PASS] +1 adjustment: exactly 3 HIGH habits
≡ƒöº [EVOLUTION] Adjusting habits by -1
≡ƒöº [EVOLUTION] Habits reduced: {
  high: [ 'Write 500 words', 'Read 20 pages', 'Run 7 minutes' ],
  medium: [ 'Write 200 words', 'Read 10 pages', 'Run 8 (2 min)' ],
  low: [ 'Put on shoes', 'Open notes app', 'Pick up book' ]
}
Γ£à [PASS] -1 adjustment: HIGH habits simplified
≡ƒöº [EVOLUTION] Adjusting habits by -2
Γ£à [PASS] -2 adjustment: all habits are tiny
Γ£à [PASS] No duplicate habits across levels
≡ƒöì Testing Fresh Start habit generation...
≡ƒî▒ [FRESH START] Generating initiation habits for: SKILL
Γ£à [PASS] Fresh Start: exactly 3 HIGH habits
Γ£à [PASS] Fresh Start: exactly 3 MEDIUM habits
Γ£à [PASS] Fresh Start: exactly 3 LOW habits
Γ£à [PASS] Fresh Start: LOW habits are atomic


≡ƒôï ========================================
≡ƒôï TEST GROUP 3: WEEKLY PLAN REGENERATION
≡ƒôï ========================================
≡ƒöì Testing options for TITAN persona...
Γ£à [PASS] TITAN: returns array of options
Γ£à [PASS] TITAN: all options have required fields
Γ£à [PASS] TITAN: has INCREASE_DIFFICULTY option
≡ƒöì Testing options for GRINDER persona...
Γ£à [PASS] GRINDER: returns array of options
Γ£à [PASS] GRINDER: all options have required fields
≡ƒöì Testing options for SURVIVOR persona...
Γ£à [PASS] SURVIVOR: returns array of options
Γ£à [PASS] SURVIVOR: all options have required fields
≡ƒöì Testing options for GHOST persona...
Γ£à [PASS] GHOST: returns array of options
Γ£à [PASS] GHOST: all options have required fields
Γ£à [PASS] GHOST: has FRESH_START option
Γ£à [PASS] Fallback narrative exists for INCREASE_DIFFICULTY
Γ£à [PASS] Fallback narrative exists for ADD_VARIATION
Γ£à [PASS] Fallback narrative exists for MAINTAIN
Γ£à [PASS] Fallback narrative exists for SOFTER_HABIT
Γ£à [PASS] Fallback narrative exists for FRICTION_REMOVAL
Γ£à [PASS] Fallback narrative exists for STABILIZATION_WEEK
Γ£à [PASS] Fallback narrative exists for REST_WEEK
Γ£à [PASS] Fallback narrative exists for FRESH_START
Γ£à Free user fallback plan logic validated


≡ƒôï ========================================
≡ƒôï TEST GROUP 4: UI INTEGRATION
≡ƒôï ========================================
Γ£à [PASS] TITAN options differ from GHOST options
Γ£à [PASS] GHOST options are recovery-focused
Γ£à [PASS] TITAN option 1: has label for UI
Γ£à [PASS] TITAN option 1: has description for UI
Γ£à [PASS] TITAN option 2: has label for UI
Γ£à [PASS] TITAN option 2: has description for UI
Γ£à [PASS] TITAN option 3: has label for UI
Γ£à [PASS] TITAN option 3: has description for UI
Γ£à UI integration logic validated


≡ƒôï ========================================
≡ƒôï TEST GROUP 5: E2E FLOW SIMULATION
≡ƒôï ========================================
≡ƒöì Flow A: TITAN ΓåÆ Push Harder
≡ƒöº [EVOLUTION] Adjusting habits by 1
≡ƒöº [EVOLUTION] Habits increased: {
  high: [ 'Run 15 minutes', 'Write 500 words', 'Read 20 pages' ],
  medium: [ 'Write 200 words', 'Read 10 pages', 'Put on shoes' ],
  low: [ 'Open notes app', 'Pick up book' ]
}
Γ£à [PASS] Flow A: difficultyLevel = harder
Γ£à [PASS] Flow A: habits intensified
≡ƒöì Flow B: GRINDER ΓåÆ Technique Week
Γ£à [PASS] Flow B: difficultyLevel = same
≡ƒöì Flow C: SURVIVOR ΓåÆ Softer Habit
≡ƒöº [EVOLUTION] Adjusting habits by -1
≡ƒöº [EVOLUTION] Habits reduced: {
  high: [ 'Write 500 words', 'Read 20 pages', 'Run 7 minutes' ],
  medium: [ 'Write 200 words', 'Read 10 pages', 'Run 8 (2 min)' ],
  low: [ 'Put on shoes', 'Open notes app', 'Pick up book' ]
}
Γ£à [PASS] Flow C: difficultyLevel = easier
Γ£à [PASS] Flow C: habits simplified
≡ƒöì Flow D: GHOST ΓåÆ Fresh Start
≡ƒî▒ [FRESH START] Generating initiation habits for: SKILL
Γ£à [PASS] Flow D: isFreshStart = true
Γ£à [PASS] Flow D: newStage = INITIATION
Γ£à [PASS] Flow D: tiny habits generated


≡ƒôè ================================================
≡ƒôè TEST RESULTS SUMMARY
≡ƒôè ================================================
Γ£à Passed: 55
Γ¥î Failed: 0


≡ƒÄ» [QA COMPLETE] Evolution engine fully validated and production-ready.
